../Core/Src/main.c:169:1:__io_putchar	16	static
../Core/Src/main.c:176:6:DHT11_SetPinOutput	24	static
../Core/Src/main.c:185:6:DHT11_SetPinInput	24	static
../Core/Src/main.c:193:6:DHT11_SetPin	16	static
../Core/Src/main.c:197:15:DHT11_ReadPin	8	static
../Core/Src/main.c:201:6:DHT11_DelayUs	16	static
../Core/Src/main.c:206:9:DHT11_Start	16	static
../Core/Src/main.c:221:9:DHT11_ReadByte	16	static
../Core/Src/main.c:231:9:DHT11_ReadData	16	static
../Core/Src/main.c:247:5:main	32	static
../Core/Src/main.c:392:6:SystemClock_Config	88	static
../Core/Src/main.c:438:13:MX_ADC1_Init	24	static
../Core/Src/main.c:485:13:MX_SPI1_Init	8	static
../Core/Src/main.c:523:13:MX_TIM1_Init	32	static
../Core/Src/main.c:569:13:MX_TIM2_Init	32	static
../Core/Src/main.c:614:13:MX_TIM3_Init	64	static
../Core/Src/main.c:673:13:MX_USART2_UART_Init	8	static
../Core/Src/main.c:706:13:MX_GPIO_Init	40	static
../Core/Src/main.c:807:13:LCD_Cmd	16	static
../Core/Src/main.c:810:13:LCD_Data	16	static
../Core/Src/main.c:813:13:LCD_SetWindow	24	static
../Core/Src/main.c:818:13:LCD_WriteColorFast	24	static
../Core/Src/main.c:824:13:LCD_FillRect	24	static
../Core/Src/main.c:831:6:LCD_Clear	24	static
../Core/Src/main.c:833:13:LCD_HLine	32	static
../Core/Src/main.c:834:13:LCD_FillCircle	32	static
../Core/Src/main.c:842:13:LCD_RoundRect	32	static
../Core/Src/main.c:848:13:LCD_ThickLine	48	static
../Core/Src/main.c:858:13:Eye_Normal	24	static
../Core/Src/main.c:862:13:Eye_Happy	40	static
../Core/Src/main.c:870:13:Eye_Angry	48	static
../Core/Src/main.c:889:6:Draw_Expression	16	static
../Core/Src/main.c:899:6:LCD_Init	8	static
../Core/Src/main.c:912:6:Update_Face_Logic	16	static
../Core/Src/main.c:934:5:LF	16	static
../Core/Src/main.c:935:5:LB	16	static
../Core/Src/main.c:936:5:RF	16	static
../Core/Src/main.c:937:5:RB	16	static
../Core/Src/main.c:938:6:MF	8	static
../Core/Src/main.c:939:6:MB	8	static
../Core/Src/main.c:940:6:ML	8	static
../Core/Src/main.c:941:6:MR	8	static
../Core/Src/main.c:942:6:ST	8	static
../Core/Src/main.c:943:5:TLF	8	static
../Core/Src/main.c:943:56:TRF	8	static
../Core/Src/main.c:944:5:TLB	8	static
../Core/Src/main.c:944:56:TRB	8	static
../Core/Src/main.c:945:5:LFRB	8	static
../Core/Src/main.c:945:57:RFLB	8	static
../Core/Src/main.c:947:6:HAL_UART_RxCpltCallback	16	static
../Core/Src/main.c:965:6:Check_Tilt_State	8	static
../Core/Src/main.c:980:6:Check_Fire_State	8	static
../Core/Src/main.c:992:6:Avoid_Obstacle_Routine	16	static
../Core/Src/main.c:1012:6:timer_start	8	static
../Core/Src/main.c:1013:6:delay_us	16	static
../Core/Src/main.c:1014:6:trig1	8	static
../Core/Src/main.c:1015:19:echo1	16	static
../Core/Src/main.c:1016:6:trig2	8	static
../Core/Src/main.c:1017:19:echo2	16	static
../Core/Src/main.c:1018:6:trig3	8	static
../Core/Src/main.c:1019:19:echo3	16	static
../Core/Src/main.c:1020:6:trig4	8	static
../Core/Src/main.c:1021:19:echo4	16	static
../Core/Src/main.c:1023:6:Check_Light	16	static
../Core/Src/main.c:1034:6:HAL_GPIO_EXTI_Callback	16	static
../Core/Src/main.c:1041:6:Error_Handler	4	static,ignoring_inline_asm
