../Core/Src/main.c:144:1:__io_putchar	16	static
../Core/Src/main.c:153:13:LCD_Cmd	16	static
../Core/Src/main.c:158:13:LCD_Data	16	static
../Core/Src/main.c:163:13:LCD_SetWindow	24	static
../Core/Src/main.c:168:13:LCD_WriteColorFast	24	static
../Core/Src/main.c:177:13:LCD_FillRect	24	static
../Core/Src/main.c:184:6:LCD_Clear	24	static
../Core/Src/main.c:187:13:LCD_HLine	32	static
../Core/Src/main.c:188:13:LCD_FillCircle	32	static
../Core/Src/main.c:196:13:LCD_RoundRect	32	static
../Core/Src/main.c:202:13:LCD_ThickLine	48	static
../Core/Src/main.c:212:13:Eye_Normal	24	static
../Core/Src/main.c:216:13:Eye_Happy	40	static
../Core/Src/main.c:223:13:Eye_Angry	24	static
../Core/Src/main.c:230:6:Draw_Expression	16	static
../Core/Src/main.c:241:6:LCD_Init	8	static
../Core/Src/main.c:257:6:Update_Face_Logic	16	static
../Core/Src/main.c:284:5:LF	16	static
../Core/Src/main.c:285:5:LB	16	static
../Core/Src/main.c:286:5:RF	16	static
../Core/Src/main.c:287:5:RB	16	static
../Core/Src/main.c:288:6:MF	8	static
../Core/Src/main.c:289:6:MB	8	static
../Core/Src/main.c:290:6:ML	8	static
../Core/Src/main.c:291:6:MR	8	static
../Core/Src/main.c:292:6:ST	8	static
../Core/Src/main.c:293:5:TLF	8	static
../Core/Src/main.c:293:56:TRF	8	static
../Core/Src/main.c:294:5:TLB	8	static
../Core/Src/main.c:294:56:TRB	8	static
../Core/Src/main.c:295:5:LFRB	8	static
../Core/Src/main.c:295:57:RFLB	8	static
../Core/Src/main.c:297:6:HAL_UART_RxCpltCallback	16	static
../Core/Src/main.c:315:6:Check_Tilt_State	8	static
../Core/Src/main.c:330:6:Check_Fire_State	8	static
../Core/Src/main.c:342:6:Avoid_Obstacle_Routine	16	static
../Core/Src/main.c:362:6:timer_start	8	static
../Core/Src/main.c:363:6:delay_us	16	static
../Core/Src/main.c:364:6:trig1	8	static
../Core/Src/main.c:365:19:echo1	16	static
../Core/Src/main.c:366:6:trig2	8	static
../Core/Src/main.c:367:19:echo2	16	static
../Core/Src/main.c:368:6:trig3	8	static
../Core/Src/main.c:369:19:echo3	16	static
../Core/Src/main.c:370:6:trig4	8	static
../Core/Src/main.c:371:19:echo4	16	static
../Core/Src/main.c:374:5:main	32	static
../Core/Src/main.c:477:6:SystemClock_Config	88	static
../Core/Src/main.c:478:13:MX_ADC1_Init	24	static
../Core/Src/main.c:479:13:MX_SPI1_Init	8	static
../Core/Src/main.c:495:13:MX_TIM2_Init	32	static
../Core/Src/main.c:496:13:MX_TIM3_Init	64	static
../Core/Src/main.c:497:13:MX_USART2_UART_Init	8	static
../Core/Src/main.c:498:13:MX_GPIO_Init	40	static
../Core/Src/main.c:506:6:Check_Light	16	static
../Core/Src/main.c:517:6:HAL_GPIO_EXTI_Callback	16	static
../Core/Src/main.c:520:6:Error_Handler	4	static,ignoring_inline_asm
