../Core/Src/main.c:169:1:__io_putchar	16	static
../Core/Src/main.c:176:6:DHT11_SetPinOutput	24	static
../Core/Src/main.c:185:6:DHT11_SetPinInput	24	static
../Core/Src/main.c:193:6:DHT11_SetPin	16	static
../Core/Src/main.c:197:15:DHT11_ReadPin	8	static
../Core/Src/main.c:201:6:DHT11_DelayUs	16	static
../Core/Src/main.c:206:9:DHT11_Start	16	static
../Core/Src/main.c:221:9:DHT11_ReadByte	16	static
../Core/Src/main.c:231:9:DHT11_ReadData	16	static
../Core/Src/main.c:245:13:LCD_Cmd	16	static
../Core/Src/main.c:248:13:LCD_Data	16	static
../Core/Src/main.c:251:13:LCD_SetWindow	24	static
../Core/Src/main.c:256:13:LCD_WriteColorFast	24	static
../Core/Src/main.c:262:13:LCD_FillRect	24	static
../Core/Src/main.c:269:6:LCD_Clear	24	static
../Core/Src/main.c:271:13:LCD_HLine	32	static
../Core/Src/main.c:272:13:LCD_FillCircle	32	static
../Core/Src/main.c:280:13:LCD_RoundRect	32	static
../Core/Src/main.c:286:13:LCD_ThickLine	48	static
../Core/Src/main.c:296:13:Eye_Normal	24	static
../Core/Src/main.c:300:13:Eye_Happy	40	static
../Core/Src/main.c:308:13:Eye_Angry	48	static
../Core/Src/main.c:327:6:Draw_Expression	16	static
../Core/Src/main.c:337:6:LCD_Init	8	static
../Core/Src/main.c:350:6:Update_Face_Logic	16	static
../Core/Src/main.c:372:5:LF	16	static
../Core/Src/main.c:373:5:LB	16	static
../Core/Src/main.c:374:5:RF	16	static
../Core/Src/main.c:375:5:RB	16	static
../Core/Src/main.c:376:6:MF	8	static
../Core/Src/main.c:377:6:MB	8	static
../Core/Src/main.c:378:6:ML	8	static
../Core/Src/main.c:379:6:MR	8	static
../Core/Src/main.c:380:6:ST	8	static
../Core/Src/main.c:381:5:TLF	8	static
../Core/Src/main.c:381:56:TRF	8	static
../Core/Src/main.c:382:5:TLB	8	static
../Core/Src/main.c:382:56:TRB	8	static
../Core/Src/main.c:383:5:LFRB	8	static
../Core/Src/main.c:383:57:RFLB	8	static
../Core/Src/main.c:385:6:HAL_UART_RxCpltCallback	16	static
../Core/Src/main.c:403:6:Check_Tilt_State	8	static
../Core/Src/main.c:418:6:Check_Fire_State	8	static
../Core/Src/main.c:430:6:Avoid_Obstacle_Routine	16	static
../Core/Src/main.c:451:6:timer_start	8	static
../Core/Src/main.c:452:6:delay_us	16	static
../Core/Src/main.c:453:6:trig1	8	static
../Core/Src/main.c:454:19:echo1	16	static
../Core/Src/main.c:455:6:trig2	8	static
../Core/Src/main.c:456:19:echo2	16	static
../Core/Src/main.c:457:6:trig3	8	static
../Core/Src/main.c:458:19:echo3	16	static
../Core/Src/main.c:459:6:trig4	8	static
../Core/Src/main.c:460:19:echo4	16	static
../Core/Src/main.c:462:6:Check_Light	16	static
../Core/Src/main.c:473:6:HAL_GPIO_EXTI_Callback	16	static
../Core/Src/main.c:480:5:main	32	static
../Core/Src/main.c:625:6:SystemClock_Config	88	static
../Core/Src/main.c:671:13:MX_ADC1_Init	24	static
../Core/Src/main.c:718:13:MX_SPI1_Init	8	static
../Core/Src/main.c:756:13:MX_TIM1_Init	32	static
../Core/Src/main.c:802:13:MX_TIM2_Init	32	static
../Core/Src/main.c:847:13:MX_TIM3_Init	64	static
../Core/Src/main.c:906:13:MX_USART2_UART_Init	8	static
../Core/Src/main.c:939:13:MX_GPIO_Init	40	static
../Core/Src/main.c:1040:6:Error_Handler	4	static,ignoring_inline_asm
