../Core/Src/main.c:169:1:__io_putchar	16	static
../Core/Src/main.c:179:5:main	32	static
../Core/Src/main.c:324:6:SystemClock_Config	88	static
../Core/Src/main.c:370:13:MX_ADC1_Init	24	static
../Core/Src/main.c:417:13:MX_SPI1_Init	8	static
../Core/Src/main.c:455:13:MX_TIM1_Init	32	static
../Core/Src/main.c:501:13:MX_TIM2_Init	32	static
../Core/Src/main.c:546:13:MX_TIM3_Init	64	static
../Core/Src/main.c:605:13:MX_USART2_UART_Init	8	static
../Core/Src/main.c:638:13:MX_GPIO_Init	40	static
../Core/Src/main.c:737:6:DHT11_SetPinOutput	24	static
../Core/Src/main.c:746:6:DHT11_SetPinInput	24	static
../Core/Src/main.c:754:6:DHT11_SetPin	16	static
../Core/Src/main.c:758:15:DHT11_ReadPin	8	static
../Core/Src/main.c:762:6:DHT11_DelayUs	16	static
../Core/Src/main.c:767:9:DHT11_Start	16	static
../Core/Src/main.c:782:9:DHT11_ReadByte	16	static
../Core/Src/main.c:792:9:DHT11_ReadData	16	static
../Core/Src/main.c:806:13:LCD_Cmd	16	static
../Core/Src/main.c:809:13:LCD_Data	16	static
../Core/Src/main.c:812:13:LCD_SetWindow	24	static
../Core/Src/main.c:817:13:LCD_WriteColorFast	24	static
../Core/Src/main.c:823:13:LCD_FillRect	24	static
../Core/Src/main.c:830:6:LCD_Clear	24	static
../Core/Src/main.c:832:13:LCD_HLine	32	static
../Core/Src/main.c:833:13:LCD_FillCircle	32	static
../Core/Src/main.c:841:13:LCD_RoundRect	32	static
../Core/Src/main.c:847:13:LCD_ThickLine	48	static
../Core/Src/main.c:857:13:Eye_Normal	24	static
../Core/Src/main.c:861:13:Eye_Happy	40	static
../Core/Src/main.c:869:13:Eye_Angry	48	static
../Core/Src/main.c:888:6:Draw_Expression	16	static
../Core/Src/main.c:898:6:LCD_Init	8	static
../Core/Src/main.c:911:6:Update_Face_Logic	16	static
../Core/Src/main.c:933:5:LF	16	static
../Core/Src/main.c:934:5:LB	16	static
../Core/Src/main.c:935:5:RF	16	static
../Core/Src/main.c:936:5:RB	16	static
../Core/Src/main.c:937:6:MF	8	static
../Core/Src/main.c:938:6:MB	8	static
../Core/Src/main.c:939:6:ML	8	static
../Core/Src/main.c:940:6:MR	8	static
../Core/Src/main.c:941:6:ST	8	static
../Core/Src/main.c:942:5:TLF	8	static
../Core/Src/main.c:942:56:TRF	8	static
../Core/Src/main.c:943:5:TLB	8	static
../Core/Src/main.c:943:56:TRB	8	static
../Core/Src/main.c:944:5:LFRB	8	static
../Core/Src/main.c:944:57:RFLB	8	static
../Core/Src/main.c:946:6:HAL_UART_RxCpltCallback	16	static
../Core/Src/main.c:964:6:Check_Tilt_State	8	static
../Core/Src/main.c:979:6:Check_Fire_State	8	static
../Core/Src/main.c:991:6:Avoid_Obstacle_Routine	16	static
../Core/Src/main.c:1011:6:timer_start	8	static
../Core/Src/main.c:1012:6:delay_us	16	static
../Core/Src/main.c:1013:6:trig1	8	static
../Core/Src/main.c:1014:19:echo1	16	static
../Core/Src/main.c:1015:6:trig2	8	static
../Core/Src/main.c:1016:19:echo2	16	static
../Core/Src/main.c:1017:6:trig3	8	static
../Core/Src/main.c:1018:19:echo3	16	static
../Core/Src/main.c:1019:6:trig4	8	static
../Core/Src/main.c:1020:19:echo4	16	static
../Core/Src/main.c:1022:6:Check_Light	16	static
../Core/Src/main.c:1033:6:HAL_GPIO_EXTI_Callback	16	static
../Core/Src/main.c:1040:6:Error_Handler	4	static,ignoring_inline_asm
