../Core/Src/main.c:170:1:__io_putchar	16	static
../Core/Src/main.c:177:6:DHT11_SetPinOutput	24	static
../Core/Src/main.c:186:6:DHT11_SetPinInput	24	static
../Core/Src/main.c:194:6:DHT11_SetPin	16	static
../Core/Src/main.c:198:15:DHT11_ReadPin	8	static
../Core/Src/main.c:202:6:DHT11_DelayUs	16	static
../Core/Src/main.c:207:9:DHT11_Start	16	static
../Core/Src/main.c:222:9:DHT11_ReadByte	16	static
../Core/Src/main.c:232:9:DHT11_ReadData	16	static
../Core/Src/main.c:246:13:LCD_Cmd	16	static
../Core/Src/main.c:249:13:LCD_Data	16	static
../Core/Src/main.c:252:13:LCD_SetWindow	24	static
../Core/Src/main.c:257:13:LCD_WriteColorFast	24	static
../Core/Src/main.c:263:13:LCD_FillRect	24	static
../Core/Src/main.c:270:6:LCD_Clear	24	static
../Core/Src/main.c:272:13:LCD_HLine	32	static
../Core/Src/main.c:273:13:LCD_FillCircle	32	static
../Core/Src/main.c:281:13:LCD_RoundRect	32	static
../Core/Src/main.c:287:13:LCD_ThickLine	48	static
../Core/Src/main.c:297:13:Eye_Normal	24	static
../Core/Src/main.c:301:13:Eye_Happy	40	static
../Core/Src/main.c:309:13:Eye_Angry	48	static
../Core/Src/main.c:328:6:Draw_Expression	16	static
../Core/Src/main.c:338:6:LCD_Init	8	static
../Core/Src/main.c:351:6:Update_Face_Logic	16	static
../Core/Src/main.c:373:5:LF	16	static
../Core/Src/main.c:374:5:LB	16	static
../Core/Src/main.c:375:5:RF	16	static
../Core/Src/main.c:376:5:RB	16	static
../Core/Src/main.c:377:6:MF	8	static
../Core/Src/main.c:378:6:MB	8	static
../Core/Src/main.c:379:6:ML	8	static
../Core/Src/main.c:380:6:MR	8	static
../Core/Src/main.c:381:6:ST	8	static
../Core/Src/main.c:382:5:TLF	8	static
../Core/Src/main.c:382:56:TRF	8	static
../Core/Src/main.c:383:5:TLB	8	static
../Core/Src/main.c:383:56:TRB	8	static
../Core/Src/main.c:384:5:LFRB	8	static
../Core/Src/main.c:384:57:RFLB	8	static
../Core/Src/main.c:386:6:HAL_UART_RxCpltCallback	16	static
../Core/Src/main.c:404:6:Check_Tilt_State	8	static
../Core/Src/main.c:419:6:Check_Fire_State	8	static
../Core/Src/main.c:431:6:Avoid_Obstacle_Routine	16	static
../Core/Src/main.c:492:6:timer_start	8	static
../Core/Src/main.c:493:6:delay_us	16	static
../Core/Src/main.c:494:6:trig1	8	static
../Core/Src/main.c:495:19:echo1	16	static
../Core/Src/main.c:496:6:trig2	8	static
../Core/Src/main.c:497:19:echo2	16	static
../Core/Src/main.c:498:6:trig3	8	static
../Core/Src/main.c:499:19:echo3	16	static
../Core/Src/main.c:500:6:trig4	8	static
../Core/Src/main.c:501:19:echo4	16	static
../Core/Src/main.c:503:6:Check_Light	16	static
../Core/Src/main.c:514:6:HAL_GPIO_EXTI_Callback	16	static
../Core/Src/main.c:521:5:main	32	static
../Core/Src/main.c:666:6:SystemClock_Config	88	static
../Core/Src/main.c:712:13:MX_ADC1_Init	24	static
../Core/Src/main.c:759:13:MX_SPI1_Init	8	static
../Core/Src/main.c:797:13:MX_TIM1_Init	32	static
../Core/Src/main.c:843:13:MX_TIM2_Init	32	static
../Core/Src/main.c:888:13:MX_TIM3_Init	64	static
../Core/Src/main.c:947:13:MX_USART2_UART_Init	8	static
../Core/Src/main.c:980:13:MX_GPIO_Init	40	static
../Core/Src/main.c:1081:6:Error_Handler	4	static,ignoring_inline_asm
