../Core/Src/main.c:144:1:__io_putchar	16	static
../Core/Src/main.c:153:13:LCD_Cmd	16	static
../Core/Src/main.c:158:13:LCD_Data	16	static
../Core/Src/main.c:163:13:LCD_SetWindow	24	static
../Core/Src/main.c:168:13:LCD_WriteColorFast	24	static
../Core/Src/main.c:177:13:LCD_FillRect	24	static
../Core/Src/main.c:183:6:LCD_Clear	24	static
../Core/Src/main.c:186:13:LCD_HLine	32	static
../Core/Src/main.c:187:13:LCD_FillCircle	32	static
../Core/Src/main.c:195:13:LCD_RoundRect	32	static
../Core/Src/main.c:201:13:LCD_ThickLine	48	static
../Core/Src/main.c:211:13:Eye_Normal	24	static
../Core/Src/main.c:215:13:Eye_Happy	40	static
../Core/Src/main.c:222:13:Eye_Angry	24	static
../Core/Src/main.c:229:6:Draw_Expression	16	static
../Core/Src/main.c:240:6:LCD_Init	8	static
../Core/Src/main.c:256:6:Update_Face_Logic	16	static
../Core/Src/main.c:283:5:LF	16	static
../Core/Src/main.c:284:5:LB	16	static
../Core/Src/main.c:285:5:RF	16	static
../Core/Src/main.c:286:5:RB	16	static
../Core/Src/main.c:287:6:MF	8	static
../Core/Src/main.c:288:6:MB	8	static
../Core/Src/main.c:289:6:ML	8	static
../Core/Src/main.c:290:6:MR	8	static
../Core/Src/main.c:291:6:ST	8	static
../Core/Src/main.c:292:5:TLF	8	static
../Core/Src/main.c:292:56:TRF	8	static
../Core/Src/main.c:293:5:TLB	8	static
../Core/Src/main.c:293:56:TRB	8	static
../Core/Src/main.c:294:5:LFRB	8	static
../Core/Src/main.c:294:57:RFLB	8	static
../Core/Src/main.c:296:6:HAL_UART_RxCpltCallback	16	static
../Core/Src/main.c:314:6:Check_Tilt_State	8	static
../Core/Src/main.c:329:6:Check_Fire_State	8	static
../Core/Src/main.c:341:6:Avoid_Obstacle_Routine	16	static
../Core/Src/main.c:361:6:timer_start	8	static
../Core/Src/main.c:362:6:delay_us	16	static
../Core/Src/main.c:363:6:trig1	8	static
../Core/Src/main.c:364:19:echo1	16	static
../Core/Src/main.c:365:6:trig2	8	static
../Core/Src/main.c:366:19:echo2	16	static
../Core/Src/main.c:367:6:trig3	8	static
../Core/Src/main.c:368:19:echo3	16	static
../Core/Src/main.c:369:6:trig4	8	static
../Core/Src/main.c:370:19:echo4	16	static
../Core/Src/main.c:373:5:main	32	static
../Core/Src/main.c:476:6:SystemClock_Config	88	static
../Core/Src/main.c:477:13:MX_ADC1_Init	24	static
../Core/Src/main.c:478:13:MX_SPI1_Init	8	static
../Core/Src/main.c:494:13:MX_TIM2_Init	32	static
../Core/Src/main.c:495:13:MX_TIM3_Init	64	static
../Core/Src/main.c:496:13:MX_USART2_UART_Init	8	static
../Core/Src/main.c:497:13:MX_GPIO_Init	40	static
../Core/Src/main.c:505:6:Check_Light	16	static
../Core/Src/main.c:516:6:HAL_GPIO_EXTI_Callback	16	static
../Core/Src/main.c:519:6:Error_Handler	4	static,ignoring_inline_asm
